17:31:37 **** Incremental Build of configuration Debug for project UCC_eugenio ****
make -j8 all 
arm-none-eabi-gcc "../Core/Src/main.c" -mcpu=cortex-m4 -std=gnu11 -g3 -DDEBUG -DUSE_HAL_DRIVER -DSTM32F411xE -c -I../Core/Inc -IC:/Users/cuenc/STM32Cube/Repository/STM32Cube_FW_F4_V1.27.1/Drivers/STM32F4xx_HAL_Driver/Inc -IC:/Users/cuenc/STM32Cube/Repository/STM32Cube_FW_F4_V1.27.1/Drivers/STM32F4xx_HAL_Driver/Inc/Legacy -IC:/Users/cuenc/STM32Cube/Repository/STM32Cube_FW_F4_V1.27.1/Drivers/CMSIS/Device/ST/STM32F4xx/Include -IC:/Users/cuenc/STM32Cube/Repository/STM32Cube_FW_F4_V1.27.1/Drivers/CMSIS/Include -O0 -ffunction-sections -fdata-sections -Wall -fstack-usage -fcyclomatic-complexity -MMD -MP -MF"Core/Src/main.d" -MT"Core/Src/main.o" --specs=nano.specs -mfpu=fpv4-sp-d16 -mfloat-abi=hard -mthumb -o "Core/Src/main.o"
arm-none-eabi-gcc -o "UCC_eugenio.elf" @"objects.list"   -mcpu=cortex-m4 -T"C:\Users\cuenc\STM32CubeIDE\workspace_1.13.1\UCC_eugenio\STM32F411VETX_FLASH.ld" --specs=nosys.specs -Wl,-Map="UCC_eugenio.map" -Wl,--gc-sections -static --specs=nano.specs -mfpu=fpv4-sp-d16 -mfloat-abi=hard -mthumb -Wl,--start-group -lc -lm -Wl,--end-group
Finished building target: UCC_eugenio.elf
 
arm-none-eabi-size   UCC_eugenio.elf 
arm-none-eabi-objdump -h -S  UCC_eugenio.elf  > "UCC_eugenio.list"
   text	   data	    bss	    dec	    hex	filename
   5812	     20	   1572	   7404	   1cec	UCC_eugenio.elf
Finished building: default.size.stdout
 
Finished building: UCC_eugenio.list
 
17:32:29 **** Incremental Build of configuration Debug for project UCC_eugenio ****
make -j8 all 
arm-none-eabi-size   UCC_eugenio.elf 
   text	   data	    bss	    dec	    hex	filename
   5812	     20	   1572	   7404	   1cec	UCC_eugenio.elf
Finished building: default.size.stdout
 
